// Jest Snapshot v1, https://goo.gl/fbAQLP

exports[`renders Empty UUI Component 1`] = `
<div
  className="UUI-UUITestComponentEmpty-Root"
/>
`;
