// Jest Snapshot v1, https://goo.gl/fbAQLP

exports[`UUIComponent [ariaAttributes] 1`] = `
<div
  aria-checked="true"
  aria-nativedata="nativedata"
  className="UUI-UUITestComponent-Root"
>
  <div
    aria-label="node 1 outer label"
    aria-labelledby="node 1 labelledby"
    className="UUI-UUITestComponent-Node1"
  />
  <div
    aria-label="node 2 inner label"
    className="UUI-UUITestComponent-Node2"
  />
</div>
`;

exports[`UUIComponent [dataAttributes] 1`] = `
<div
  className="UUI-UUITestComponent-Root"
  data-id="thisisamockid"
  data-nativedata="nativedata"
>
  <div
    className="UUI-UUITestComponent-Node1"
    data-abc-xyz="abcxyz"
  />
  <div
    className="UUI-UUITestComponent-Node2"
  />
</div>
`;

exports[`UUIComponent [id] 1`] = `
<div
  className="UUI-UUITestComponent-Root"
  id="test-component-id-sadgfuiasdgfui"
>
  <div
    className="UUI-UUITestComponent-Node"
  />
</div>
`;

exports[`UUIComponent [special IntrinsicNodes children] 1`] = `
<div
  className="UUI-UUITestComponent-Root"
>
  <input
    className="UUI-UUITestComponent-Input"
  />
  <textarea
    className="UUI-UUITestComponent-Textarea"
  />
  <hr
    className="UUI-UUITestComponent-Hr"
  />
  <select
    className="UUI-UUITestComponent-Select"
  >
    <option
      className="UUI-UUITestComponent-Option"
    >
      option 1
    </option>
    <option
      className="UUI-UUITestComponent-Option"
    >
      option 2
    </option>
  </select>
</div>
`;

exports[`UUIComponent customize [className, style, children] 1`] = `
<div
  className="UUI-UUITestComponent-Root InnerRootClassName OutterRootClassName"
  style={
    Object {
      "backgroundColor": "blue",
      "color": "green",
      "width": 100,
    }
  }
>
  <div>
    Asuka
  </div>
  <div
    className="UUI-UUITestComponent-Extra"
  />
  <div>
    Shinji
  </div>
  <div
    className="UUI-UUITestChild-Root InnerChildRootClassName UUI-UUITestComponent-Child OutterChildRootClassName"
    style={
      Object {
        "backgroundColor": "blue",
        "color": "green",
        "width": 100,
      }
    }
  >
    <div>
      YÅ«ko
    </div>
    <div>
      Mio
    </div>
    <div>
      Mai
    </div>
  </div>
  <div>
    Rei
  </div>
</div>
`;

exports[`UUIComponent customize [className, style, children] 2`] = `
<div
  className="OutterOverridedRootClassName"
  style={
    Object {
      "display": "flex",
    }
  }
>
  <div>
    Neon Genesis Evangelion
  </div>
</div>
`;

exports[`UUIComponent customize [convenience][className, style] 1`] = `
<div
  className="UUI-UUITestComponent-Root InnerRootClassName ConvenienceClassName ExtendClassName"
  style={
    Object {
      "backgroundColor": "orange",
      "borderRadius": 4,
      "borderWidth": 1,
      "color": "pink",
    }
  }
>
  <div
    className="UUI-UUITestComponent-Child ChildInnerClassName"
  >
    Child
  </div>
</div>
`;

exports[`UUIComponentHOC [no Root node] 1`] = `
<div
  className="UUI-UUITestComponent-Container TestingClassName"
  style={
    Object {
      "width": 100,
    }
  }
/>
`;

exports[`UUIComponentHOC [options] 1`] = `
<div
  className="XUI=TestXComponent=Root"
>
  <div
    className="XUI=TestXComponent=Container"
  >
    <article
      className="XUI=TestXComponent=Article"
    >
      <h1
        className="XUI=TestXComponent=Title"
      >
        Lorem ipsum
      </h1>
      <p
        className="XUI=TestXComponent=Paragraph"
      >
        Lorem ipsum dolor sit amet, consectetur adipiscing elit. Ut sagittis magna finibus lorem semper malesuada. Maecenas vel tristique odio. Duis non nisi turpis. Nam malesuada condimentum ultrices. Mauris lectus ante, sollicitudin in odio ac, elementum euismod ipsum. Nulla semper mattis erat, nec sollicitudin turpis gravida ut. Donec aliquet sit amet enim at consequat. Duis lacinia libero ipsum, in faucibus sapien egestas quis. Pellentesque pretium gravida elit sed viverra. Morbi vitae enim at quam cursus dapibus non ac erat. Phasellus ligula lectus, tempor ut ultricies nec, ornare cursus mauris.
      </p>
      <p
        className="XUI=TestXComponent=Paragraph"
      >
        Proin mollis, dui in volutpat consectetur, quam sapien eleifend eros, ut consectetur neque mauris vel velit. Aliquam sed ultrices ex. Nam sed augue ligula. Cras et enim lorem. Maecenas eget lacus diam. Praesent nec lectus ut ante suscipit semper. Vestibulum congue justo eu rutrum tempus. Maecenas imperdiet neque sapien, vitae pretium dui aliquam et. Suspendisse potenti. Curabitur euismod nisi a urna auctor, quis viverra tellus euismod. Nulla facilisi. Proin eleifend nunc a nisi venenatis scelerisque. Aliquam erat volutpat. Etiam finibus laoreet ipsum, a rutrum odio venenatis vel.
      </p>
    </article>
  </div>
</div>
`;

exports[`UUIComponentHOC [options] 2`] = `
<div
  className="YUI+TestXComponent+Root"
>
  <div
    className="YUI+TestXComponent+Container"
  >
    <article
      className="YUI+TestXComponent+Article"
    >
      <h1
        className="YUI+TestXComponent+Title"
      >
        Lorem ipsum
      </h1>
      <p
        className="YUI+TestXComponent+Paragraph"
      >
        Lorem ipsum dolor sit amet, consectetur adipiscing elit. Ut sagittis magna finibus lorem semper malesuada. Maecenas vel tristique odio. Duis non nisi turpis. Nam malesuada condimentum ultrices. Mauris lectus ante, sollicitudin in odio ac, elementum euismod ipsum. Nulla semper mattis erat, nec sollicitudin turpis gravida ut. Donec aliquet sit amet enim at consequat. Duis lacinia libero ipsum, in faucibus sapien egestas quis. Pellentesque pretium gravida elit sed viverra. Morbi vitae enim at quam cursus dapibus non ac erat. Phasellus ligula lectus, tempor ut ultricies nec, ornare cursus mauris.
      </p>
      <p
        className="YUI+TestXComponent+Paragraph"
      >
        Proin mollis, dui in volutpat consectetur, quam sapien eleifend eros, ut consectetur neque mauris vel velit. Aliquam sed ultrices ex. Nam sed augue ligula. Cras et enim lorem. Maecenas eget lacus diam. Praesent nec lectus ut ante suscipit semper. Vestibulum congue justo eu rutrum tempus. Maecenas imperdiet neque sapien, vitae pretium dui aliquam et. Suspendisse potenti. Curabitur euismod nisi a urna auctor, quis viverra tellus euismod. Nulla facilisi. Proin eleifend nunc a nisi venenatis scelerisque. Aliquam erat volutpat. Etiam finibus laoreet ipsum, a rutrum odio venenatis vel.
      </p>
    </article>
  </div>
</div>
`;

exports[`UUIComponentHOC [options] 3`] = `
<div
  className="GUI~TestZComponent~Root"
>
  TestZComponent
</div>
`;

exports[`UUIComponentHOC - customize 1`] = `
<div
  className="UUI-UUITestUnionComponent-Root"
>
  <div
    className="UUI-UUITestFunctionComponent-Root UnionInnerExtendClassName UUI-UUITestUnionComponent-FunctionComponent UnionOutterExtendClassName"
  >
    <div
      className="UUI-UUITestFunctionComponent-Y TestFuncYInner"
      style={
        Object {
          "color": "red",
          "height": 200,
          "width": 200,
        }
      }
    >
      UUITestFunctionComponent
    </div>
  </div>
  <div
    className="UUI-UUITestFunctionComponent-Root UUI-UUITestUnionComponent-FunctionComponent UnionOutterExtendClassName"
  >
    <div
      className="UUI-UUITestFunctionComponent-Y TestFuncYInner"
      style={
        Object {
          "color": "red",
          "height": 200,
          "width": 300,
        }
      }
    >
      UUITestFunctionComponent
    </div>
  </div>
  <div
    className="UUI-UUITestFunctionComponent-Root UUI-UUITestUnionComponent-FunctionComponent UnionOutterExtendClassName"
  >
    <div
      className="UUI-UUITestFunctionComponent-Y TestFuncYInner"
      style={
        Object {
          "color": "red",
          "height": 200,
        }
      }
    >
      UUITestFunctionComponent
    </div>
  </div>
  <div
    className="UUI-UUITestFunctionComponent-Root UUI-UUITestUnionComponent-FunctionComponent UnionOutterExtendClassName"
  >
    <div
      className="UUI-UUITestFunctionComponent-Y TestFuncYInner"
      style={
        Object {
          "color": "red",
          "height": 200,
        }
      }
    >
      UUITestFunctionComponent
    </div>
  </div>
  <div
    className="UUI-UUITestFunctionComponent-Root UUI-UUITestUnionComponent-FunctionComponent UnionOutterExtendClassName"
  >
    <div
      className="UUI-UUITestFunctionComponent-Y TestFuncYInner"
      style={
        Object {
          "color": "red",
          "height": 200,
        }
      }
    >
      UUITestFunctionComponent
    </div>
  </div>
  <div
    className="UUI-UUITestClassComponent-Root UnionInnerExtendClassName UUI-UUITestUnionComponent-ClassComponent UnionOutterExtendClassName"
  >
    <div
      className="UUI-UUITestClassComponent-X TestFuncXInner"
      style={
        Object {
          "color": "red",
          "height": 200,
          "width": 400,
        }
      }
    >
      <div>
        Customize ExtendBefore Inner
      </div>
      <div>
        Customize ExtendBefore Outter
      </div>
      UUITestClassComponent
      <div>
        Customize ExtendAfter Inner
      </div>
      <div>
        Customize ExtendAfter Outter
      </div>
    </div>
  </div>
  <div
    className="UUI-UUITestClassComponent-Root UUI-UUITestUnionComponent-ClassComponent UnionOutterExtendClassName"
  >
    <div
      className="UUI-UUITestClassComponent-X TestFuncXInner"
      style={
        Object {
          "color": "red",
          "height": 200,
        }
      }
    >
      <div>
        Customize ExtendBefore Outter
      </div>
      UUITestClassComponent
      <div>
        Customize ExtendAfter Outter
      </div>
    </div>
  </div>
  <div
    className="UUI-UUITestTempComponent-Root UUI-UUITestUnionComponent-TempComponent"
  >
    UUITestTempComponent
  </div>
</div>
`;

exports[`UUIComponentHOC 1`] = `
<div
  className="UUI-UUITestFunctionComponent-Root"
>
  <div
    className="UUI-UUITestFunctionComponent-Container"
  >
    <article
      className="UUI-UUITestFunctionComponent-Article"
    >
      <h1
        className="UUI-UUITestFunctionComponent-Title"
      >
        Lorem ipsum
      </h1>
      <p
        className="UUI-UUITestFunctionComponent-Paragraph"
      >
        Lorem ipsum dolor sit amet, consectetur adipiscing elit. Ut sagittis magna finibus lorem semper malesuada. Maecenas vel tristique odio. Duis non nisi turpis. Nam malesuada condimentum ultrices. Mauris lectus ante, sollicitudin in odio ac, elementum euismod ipsum. Nulla semper mattis erat, nec sollicitudin turpis gravida ut. Donec aliquet sit amet enim at consequat. Duis lacinia libero ipsum, in faucibus sapien egestas quis. Pellentesque pretium gravida elit sed viverra. Morbi vitae enim at quam cursus dapibus non ac erat. Phasellus ligula lectus, tempor ut ultricies nec, ornare cursus mauris.
      </p>
      <p
        className="UUI-UUITestFunctionComponent-Paragraph"
      >
        Proin mollis, dui in volutpat consectetur, quam sapien eleifend eros, ut consectetur neque mauris vel velit. Aliquam sed ultrices ex. Nam sed augue ligula. Cras et enim lorem. Maecenas eget lacus diam. Praesent nec lectus ut ante suscipit semper. Vestibulum congue justo eu rutrum tempus. Maecenas imperdiet neque sapien, vitae pretium dui aliquam et. Suspendisse potenti. Curabitur euismod nisi a urna auctor, quis viverra tellus euismod. Nulla facilisi. Proin eleifend nunc a nisi venenatis scelerisque. Aliquam erat volutpat. Etiam finibus laoreet ipsum, a rutrum odio venenatis vel.
      </p>
    </article>
  </div>
</div>
`;

exports[`UUIComponentHOC 2`] = `
<div
  className="UUI-UUITestClassComponent-Root"
>
  <div
    className="UUI-UUITestClassComponent-Container"
  >
    <article
      className="UUI-UUITestClassComponent-Article"
    >
      <h1
        className="UUI-UUITestClassComponent-Title"
      >
        Lorem ipsum
      </h1>
      <p
        className="UUI-UUITestClassComponent-Paragraph"
      >
        Lorem ipsum dolor sit amet, consectetur adipiscing elit. Ut sagittis magna finibus lorem semper malesuada. Maecenas vel tristique odio. Duis non nisi turpis. Nam malesuada condimentum ultrices. Mauris lectus ante, sollicitudin in odio ac, elementum euismod ipsum. Nulla semper mattis erat, nec sollicitudin turpis gravida ut. Donec aliquet sit amet enim at consequat. Duis lacinia libero ipsum, in faucibus sapien egestas quis. Pellentesque pretium gravida elit sed viverra. Morbi vitae enim at quam cursus dapibus non ac erat. Phasellus ligula lectus, tempor ut ultricies nec, ornare cursus mauris.
      </p>
      <p
        className="UUI-UUITestClassComponent-Paragraph"
      >
        Proin mollis, dui in volutpat consectetur, quam sapien eleifend eros, ut consectetur neque mauris vel velit. Aliquam sed ultrices ex. Nam sed augue ligula. Cras et enim lorem. Maecenas eget lacus diam. Praesent nec lectus ut ante suscipit semper. Vestibulum congue justo eu rutrum tempus. Maecenas imperdiet neque sapien, vitae pretium dui aliquam et. Suspendisse potenti. Curabitur euismod nisi a urna auctor, quis viverra tellus euismod. Nulla facilisi. Proin eleifend nunc a nisi venenatis scelerisque. Aliquam erat volutpat. Etiam finibus laoreet ipsum, a rutrum odio venenatis vel.
      </p>
    </article>
  </div>
</div>
`;

exports[`UUIComponentHOC 3`] = `
<div
  className="UUI-UUITestUnionComponent-Root"
>
  <div
    className="UUI-UUITestFunctionComponent-Root UUI-UUITestUnionComponent-FunctionComponent"
  >
    <div
      className="UUI-UUITestFunctionComponent-Container"
    >
      <article
        className="UUI-UUITestFunctionComponent-Article"
      >
        <h1
          className="UUI-UUITestFunctionComponent-Title"
        >
          Lorem ipsum
        </h1>
        <p
          className="UUI-UUITestFunctionComponent-Paragraph"
        >
          Lorem ipsum dolor sit amet, consectetur adipiscing elit. Ut sagittis magna finibus lorem semper malesuada. Maecenas vel tristique odio. Duis non nisi turpis. Nam malesuada condimentum ultrices. Mauris lectus ante, sollicitudin in odio ac, elementum euismod ipsum. Nulla semper mattis erat, nec sollicitudin turpis gravida ut. Donec aliquet sit amet enim at consequat. Duis lacinia libero ipsum, in faucibus sapien egestas quis. Pellentesque pretium gravida elit sed viverra. Morbi vitae enim at quam cursus dapibus non ac erat. Phasellus ligula lectus, tempor ut ultricies nec, ornare cursus mauris.
        </p>
        <p
          className="UUI-UUITestFunctionComponent-Paragraph"
        >
          Proin mollis, dui in volutpat consectetur, quam sapien eleifend eros, ut consectetur neque mauris vel velit. Aliquam sed ultrices ex. Nam sed augue ligula. Cras et enim lorem. Maecenas eget lacus diam. Praesent nec lectus ut ante suscipit semper. Vestibulum congue justo eu rutrum tempus. Maecenas imperdiet neque sapien, vitae pretium dui aliquam et. Suspendisse potenti. Curabitur euismod nisi a urna auctor, quis viverra tellus euismod. Nulla facilisi. Proin eleifend nunc a nisi venenatis scelerisque. Aliquam erat volutpat. Etiam finibus laoreet ipsum, a rutrum odio venenatis vel.
        </p>
      </article>
    </div>
  </div>
  <div
    className="UUI-UUITestClassComponent-Root UUI-UUITestUnionComponent-ClassComponent"
  >
    <div
      className="UUI-UUITestClassComponent-Container"
    >
      <article
        className="UUI-UUITestClassComponent-Article"
      >
        <h1
          className="UUI-UUITestClassComponent-Title"
        >
          Lorem ipsum
        </h1>
        <p
          className="UUI-UUITestClassComponent-Paragraph"
        >
          Lorem ipsum dolor sit amet, consectetur adipiscing elit. Ut sagittis magna finibus lorem semper malesuada. Maecenas vel tristique odio. Duis non nisi turpis. Nam malesuada condimentum ultrices. Mauris lectus ante, sollicitudin in odio ac, elementum euismod ipsum. Nulla semper mattis erat, nec sollicitudin turpis gravida ut. Donec aliquet sit amet enim at consequat. Duis lacinia libero ipsum, in faucibus sapien egestas quis. Pellentesque pretium gravida elit sed viverra. Morbi vitae enim at quam cursus dapibus non ac erat. Phasellus ligula lectus, tempor ut ultricies nec, ornare cursus mauris.
        </p>
        <p
          className="UUI-UUITestClassComponent-Paragraph"
        >
          Proin mollis, dui in volutpat consectetur, quam sapien eleifend eros, ut consectetur neque mauris vel velit. Aliquam sed ultrices ex. Nam sed augue ligula. Cras et enim lorem. Maecenas eget lacus diam. Praesent nec lectus ut ante suscipit semper. Vestibulum congue justo eu rutrum tempus. Maecenas imperdiet neque sapien, vitae pretium dui aliquam et. Suspendisse potenti. Curabitur euismod nisi a urna auctor, quis viverra tellus euismod. Nulla facilisi. Proin eleifend nunc a nisi venenatis scelerisque. Aliquam erat volutpat. Etiam finibus laoreet ipsum, a rutrum odio venenatis vel.
        </p>
      </article>
    </div>
  </div>
</div>
`;
